[omegatournaments.zyrosite.com/index.html]
[omegatournaments.zyrosite.com/cdn-cgi/apps/head/a2ff1ftsK3yTu21p1BeEN2BZsnA.js]
[userapp.zyrosite.com/v21/css/chunk-159796f8.961dea37.css]
[userapp.zyrosite.com/v21/css/chunk-17a83cc8.25e37064.css]
[userapp.zyrosite.com/v21/css/chunk-19ca1a3a.298d6762.css]
[userapp.zyrosite.com/v21/css/chunk-29eedb78.137dfe58.css]
[userapp.zyrosite.com/v21/css/chunk-308f0bc8.475adbb2.css]
[userapp.zyrosite.com/v21/css/chunk-3342ba4d.54d3507f.css]
[userapp.zyrosite.com/v21/css/chunk-4f945b53.5d6a6b1d.css]
[userapp.zyrosite.com/v21/css/chunk-60850832.6be8da80.css]
[userapp.zyrosite.com/v21/css/chunk-725e7321.3dc14d3e.css]
[userapp.zyrosite.com/v21/css/chunk-74b5b89e.3dd5ad48.css]
[userapp.zyrosite.com/v21/css/chunk-76d378c8.472eb80b.css]
[userapp.zyrosite.com/v21/css/chunk-b8e147fe.43d89100.css]
[userapp.zyrosite.com/v21/css/chunk-b961c8fa.ef34d1a2.css]
[userapp.zyrosite.com/v21/css/chunk-d4e12d18.3107c880.css]
[userapp.zyrosite.com/v21/css/chunk-ed14c39e.793af39f.css]
[userapp.zyrosite.com/v21/js/chunk-159796f8.d1ada38b.js]
[userapp.zyrosite.com/v21/js/chunk-17a83cc8.23937a00.js]
[userapp.zyrosite.com/v21/js/chunk-19ca1a3a.ac07e25a.js]
[userapp.zyrosite.com/v21/js/chunk-26c2f05e.2e03d137.js]
[userapp.zyrosite.com/v21/js/chunk-29eedb78.fbb95bdb.js]
[userapp.zyrosite.com/v21/js/chunk-2d0a34fb.76009481.js]
[userapp.zyrosite.com/v21/js/chunk-2d0a3c79.f2f6c169.js]
[userapp.zyrosite.com/v21/js/chunk-2d0a4746.f5e33b1b.js]
[userapp.zyrosite.com/v21/js/chunk-2d0a4f79.4af19a9b.js]
[userapp.zyrosite.com/v21/js/chunk-2d0a551d.72f1ff8b.js]
[userapp.zyrosite.com/v21/js/chunk-2d0a5533.92852ef0.js]
[userapp.zyrosite.com/v21/js/chunk-2d0aa216.692fd51c.js]
[userapp.zyrosite.com/v21/js/chunk-2d0aa976.4b04aee8.js]
[userapp.zyrosite.com/v21/js/chunk-2d0ab339.030f9783.js]
[userapp.zyrosite.com/v21/js/chunk-2d0abe7c.f9c0922f.js]
[userapp.zyrosite.com/v21/js/chunk-2d0ac384.8e4a7abb.js]
[userapp.zyrosite.com/v21/js/chunk-2d0aeb1d.d1ebdad8.js]
[userapp.zyrosite.com/v21/js/chunk-2d0aeb26.4a152b46.js]
[userapp.zyrosite.com/v21/js/chunk-2d0af2cc.719acbf7.js]
[userapp.zyrosite.com/v21/js/chunk-2d0af698.b38536fc.js]
[userapp.zyrosite.com/v21/js/chunk-2d0af809.5d4fe1f8.js]
[userapp.zyrosite.com/v21/js/chunk-2d0b15f6.105a2dbc.js]
[userapp.zyrosite.com/v21/js/chunk-2d0b2363.954ea543.js]
[userapp.zyrosite.com/v21/js/chunk-2d0b25e5.c8ddd045.js]
[userapp.zyrosite.com/v21/js/chunk-2d0b273b.1c4a26d1.js]
[userapp.zyrosite.com/v21/js/chunk-2d0b2b28.7dd31ad8.js]
[userapp.zyrosite.com/v21/js/chunk-2d0b2b44.25af400b.js]
[userapp.zyrosite.com/v21/js/chunk-2d0b2d1a.0ec7ffe5.js]
[userapp.zyrosite.com/v21/js/chunk-2d0b3697.2737e5c6.js]
[userapp.zyrosite.com/v21/js/chunk-2d0b384c.abbed528.js]
[userapp.zyrosite.com/v21/js/chunk-2d0b5969.b1f2150a.js]
[userapp.zyrosite.com/v21/js/chunk-2d0b5d48.4cf37d0e.js]
[userapp.zyrosite.com/v21/js/chunk-2d0b5fe5.89f47798.js]
[userapp.zyrosite.com/v21/js/chunk-2d0b64ad.9bbbc283.js]
[backblue.gif]
[fade.gif]
[index.html]
[omegatournaments.zyrosite.com/index.html]
[userapp.zyrosite.com/v21/css/chunk-159796f8.961dea37.css]
[userapp.zyrosite.com/v21/css/chunk-17a83cc8.25e37064.css]
[userapp.zyrosite.com/v21/css/chunk-19ca1a3a.298d6762.css]
[userapp.zyrosite.com/v21/css/chunk-29eedb78.137dfe58.css]
[userapp.zyrosite.com/v21/css/chunk-308f0bc8.475adbb2.css]
[userapp.zyrosite.com/v21/css/chunk-3342ba4d.54d3507f.css]
[userapp.zyrosite.com/v21/css/chunk-4f945b53.5d6a6b1d.css]
[userapp.zyrosite.com/v21/css/chunk-60850832.6be8da80.css]
[userapp.zyrosite.com/v21/css/chunk-725e7321.3dc14d3e.css]
[userapp.zyrosite.com/v21/css/chunk-74b5b89e.3dd5ad48.css]
[userapp.zyrosite.com/v21/css/chunk-76d378c8.472eb80b.css]
[userapp.zyrosite.com/v21/css/chunk-b8e147fe.43d89100.css]
[userapp.zyrosite.com/v21/css/chunk-b961c8fa.ef34d1a2.css]
[userapp.zyrosite.com/v21/css/chunk-d4e12d18.3107c880.css]
[userapp.zyrosite.com/v21/css/chunk-ed14c39e.793af39f.css]
[userapp.zyrosite.com/v21/js/chunk-2d0b64de.1259fd5d.js]
